17:12:26 **** Build of configuration Debug for project 4LED_SWITCHP_Q3 ****
make -j4 all 
arm-none-eabi-gcc -mcpu=cortex-m4 -g3 -DDEBUG -c -x assembler-with-cpp -MMD -MP -MF"Startup/startup_stm32f407vgtx.d" -MT"Startup/startup_stm32f407vgtx.o" --specs=nano.specs -mfpu=fpv4-sp-d16 -mfloat-abi=soft -mthumb -o "Startup/startup_stm32f407vgtx.o" "../Startup/startup_stm32f407vgtx.s"
arm-none-eabi-gcc "../Src/itm.c" -mcpu=cortex-m4 -std=gnu11 -g3 -DDEBUG -DSTM32 -DSTM32F407G_DISC1 -DSTM32F4 -DSTM32F407VGTx -c -I../Inc -O0 -ffunction-sections -fdata-sections -Wall -fstack-usage -fcyclomatic-complexity -MMD -MP -MF"Src/itm.d" -MT"Src/itm.o" --specs=nano.specs -mfpu=fpv4-sp-d16 -mfloat-abi=soft -mthumb -o "Src/itm.o"
arm-none-eabi-gcc "../Src/led.c" -mcpu=cortex-m4 -std=gnu11 -g3 -DDEBUG -DSTM32 -DSTM32F407G_DISC1 -DSTM32F4 -DSTM32F407VGTx -c -I../Inc -O0 -ffunction-sections -fdata-sections -Wall -fstack-usage -fcyclomatic-complexity -MMD -MP -MF"Src/led.d" -MT"Src/led.o" --specs=nano.specs -mfpu=fpv4-sp-d16 -mfloat-abi=soft -mthumb -o "Src/led.o"
arm-none-eabi-gcc "../Src/main.c" -mcpu=cortex-m4 -std=gnu11 -g3 -DDEBUG -DSTM32 -DSTM32F407G_DISC1 -DSTM32F4 -DSTM32F407VGTx -c -I../Inc -O0 -ffunction-sections -fdata-sections -Wall -fstack-usage -fcyclomatic-complexity -MMD -MP -MF"Src/main.d" -MT"Src/main.o" --specs=nano.specs -mfpu=fpv4-sp-d16 -mfloat-abi=soft -mthumb -o "Src/main.o"
arm-none-eabi-gcc "../Src/switch.c" -mcpu=cortex-m4 -std=gnu11 -g3 -DDEBUG -DSTM32 -DSTM32F407G_DISC1 -DSTM32F4 -DSTM32F407VGTx -c -I../Inc -O0 -ffunction-sections -fdata-sections -Wall -fstack-usage -fcyclomatic-complexity -MMD -MP -MF"Src/switch.d" -MT"Src/switch.o" --specs=nano.specs -mfpu=fpv4-sp-d16 -mfloat-abi=soft -mthumb -o "Src/switch.o"
arm-none-eabi-gcc "../Src/syscalls.c" -mcpu=cortex-m4 -std=gnu11 -g3 -DDEBUG -DSTM32 -DSTM32F407G_DISC1 -DSTM32F4 -DSTM32F407VGTx -c -I../Inc -O0 -ffunction-sections -fdata-sections -Wall -fstack-usage -fcyclomatic-complexity -MMD -MP -MF"Src/syscalls.d" -MT"Src/syscalls.o" --specs=nano.specs -mfpu=fpv4-sp-d16 -mfloat-abi=soft -mthumb -o "Src/syscalls.o"
arm-none-eabi-gcc "../Src/sysmem.c" -mcpu=cortex-m4 -std=gnu11 -g3 -DDEBUG -DSTM32 -DSTM32F407G_DISC1 -DSTM32F4 -DSTM32F407VGTx -c -I../Inc -O0 -ffunction-sections -fdata-sections -Wall -fstack-usage -fcyclomatic-complexity -MMD -MP -MF"Src/sysmem.d" -MT"Src/sysmem.o" --specs=nano.specs -mfpu=fpv4-sp-d16 -mfloat-abi=soft -mthumb -o "Src/sysmem.o"
arm-none-eabi-gcc "../Src/system_stm32f4xx.c" -mcpu=cortex-m4 -std=gnu11 -g3 -DDEBUG -DSTM32 -DSTM32F407G_DISC1 -DSTM32F4 -DSTM32F407VGTx -c -I../Inc -O0 -ffunction-sections -fdata-sections -Wall -fstack-usage -fcyclomatic-complexity -MMD -MP -MF"Src/system_stm32f4xx.d" -MT"Src/system_stm32f4xx.o" --specs=nano.specs -mfpu=fpv4-sp-d16 -mfloat-abi=soft -mthumb -o "Src/system_stm32f4xx.o"
arm-none-eabi-gcc -o "4LED_SWITCHP_Q3.elf" @"objects.list"   -mcpu=cortex-m4 -T"/home/vb/Assignments/MCPI-Assignments/4LED_SWITCHP_Q3/STM32F407VGTX_FLASH.ld" --specs=nosys.specs -Wl,-Map="4LED_SWITCHP_Q3.map" -Wl,--gc-sections -static --specs=nano.specs -mfpu=fpv4-sp-d16 -mfloat-abi=soft -mthumb -Wl,--start-group -lc -lm -Wl,--end-group
Finished building target: 4LED_SWITCHP_Q3.elf
 
arm-none-eabi-size  4LED_SWITCHP_Q3.elf 
arm-none-eabi-objdump -h -S 4LED_SWITCHP_Q3.elf  > "4LED_SWITCHP_Q3.list"
   text	   data	    bss	    dec	    hex	filename
   1444	      4	   1564	   3012	    bc4	4LED_SWITCHP_Q3.elf
Finished building: 4LED_SWITCHP_Q3.list
Finished building: default.size.stdout
 
 
17:14:30 **** Incremental Build of configuration Debug for project 4LED_SWITCHP_Q3 ****
make -j4 all 
arm-none-eabi-size  4LED_SWITCHP_Q3.elf 
   text	   data	    bss	    dec	    hex	filename
   1444	      4	   1564	   3012	    bc4	4LED_SWITCHP_Q3.elf
Finished building: default.size.stdout
 
17:24:49 **** Incremental Build of configuration Debug for project 4LED_SWITCHP_Q3 ****
make -j4 all 
arm-none-eabi-gcc "../Src/led.c" -mcpu=cortex-m4 -std=gnu11 -g3 -DDEBUG -DSTM32 -DSTM32F407G_DISC1 -DSTM32F4 -DSTM32F407VGTx -c -I../Inc -O0 -ffunction-sections -fdata-sections -Wall -fstack-usage -fcyclomatic-complexity -MMD -MP -MF"Src/led.d" -MT"Src/led.o" --specs=nano.specs -mfpu=fpv4-sp-d16 -mfloat-abi=soft -mthumb -o "Src/led.o"
arm-none-eabi-gcc -o "4LED_SWITCHP_Q3.elf" @"objects.list"   -mcpu=cortex-m4 -T"/home/vb/Assignments/MCPI-Assignments/4LED_SWITCHP_Q3/STM32F407VGTX_FLASH.ld" --specs=nosys.specs -Wl,-Map="4LED_SWITCHP_Q3.map" -Wl,--gc-sections -static --specs=nano.specs -mfpu=fpv4-sp-d16 -mfloat-abi=soft -mthumb -Wl,--start-group -lc -lm -Wl,--end-group
Finished building target: 4LED_SWITCHP_Q3.elf
 
arm-none-eabi-size  4LED_SWITCHP_Q3.elf 
arm-none-eabi-objdump -h -S 4LED_SWITCHP_Q3.elf  > "4LED_SWITCHP_Q3.list"
   text	   data	    bss	    dec	    hex	filename
   1444	      4	   1564	   3012	    bc4	4LED_SWITCHP_Q3.elf
Finished building: default.size.stdout
 
Finished building: 4LED_SWITCHP_Q3.list
 
17:24:56 **** Incremental Build of configuration Debug for project 4LED_SWITCHP_Q3 ****
make -j4 all 
arm-none-eabi-size  4LED_SWITCHP_Q3.elf 
   text	   data	    bss	    dec	    hex	filename
   1444	      4	   1564	   3012	    bc4	4LED_SWITCHP_Q3.elf
Finished building: default.size.stdout
 
17:28:26 **** Incremental Build of configuration Debug for project 4LED_SWITCHP_Q3 ****
make -j4 all 
arm-none-eabi-gcc "../Src/led.c" -mcpu=cortex-m4 -std=gnu11 -g3 -DDEBUG -DSTM32 -DSTM32F407G_DISC1 -DSTM32F4 -DSTM32F407VGTx -c -I../Inc -O0 -ffunction-sections -fdata-sections -Wall -fstack-usage -fcyclomatic-complexity -MMD -MP -MF"Src/led.d" -MT"Src/led.o" --specs=nano.specs -mfpu=fpv4-sp-d16 -mfloat-abi=soft -mthumb -o "Src/led.o"
../Src/led.c: In function 'ledinit':
../Src/led.c:12:2: warning: implicit declaration of function 'g' [-Wimplicit-function-declaration]
   12 | {g
      |  ^
../Src/led.c:14:12: error: invalid type argument of '->' (have 'int')
   14 |         RCC->AHB1ENR |= BV(GPIO_LED_CLKEN);
      |            ^~
make: *** [Src/subdir.mk:37: Src/led.o] Error 1
"make -j4 all" terminated with exit code 2. Build might be incomplete.
17:28:38 **** Incremental Build of configuration Debug for project 4LED_SWITCHP_Q3 ****
make -j4 all 
arm-none-eabi-gcc "../Src/led.c" -mcpu=cortex-m4 -std=gnu11 -g3 -DDEBUG -DSTM32 -DSTM32F407G_DISC1 -DSTM32F4 -DSTM32F407VGTx -c -I../Inc -O0 -ffunction-sections -fdata-sections -Wall -fstack-usage -fcyclomatic-complexity -MMD -MP -MF"Src/led.d" -MT"Src/led.o" --specs=nano.specs -mfpu=fpv4-sp-d16 -mfloat-abi=soft -mthumb -o "Src/led.o"
arm-none-eabi-gcc -o "4LED_SWITCHP_Q3.elf" @"objects.list"   -mcpu=cortex-m4 -T"/home/vb/Assignments/MCPI-Assignments/4LED_SWITCHP_Q3/STM32F407VGTX_FLASH.ld" --specs=nosys.specs -Wl,-Map="4LED_SWITCHP_Q3.map" -Wl,--gc-sections -static --specs=nano.specs -mfpu=fpv4-sp-d16 -mfloat-abi=soft -mthumb -Wl,--start-group -lc -lm -Wl,--end-group
Finished building target: 4LED_SWITCHP_Q3.elf
 
arm-none-eabi-size  4LED_SWITCHP_Q3.elf 
arm-none-eabi-objdump -h -S 4LED_SWITCHP_Q3.elf  > "4LED_SWITCHP_Q3.list"
   text	   data	    bss	    dec	    hex	filename
   1444	      4	   1564	   3012	    bc4	4LED_SWITCHP_Q3.elf
Finished building: default.size.stdout
 
Finished building: 4LED_SWITCHP_Q3.list
 
17:32:33 **** Incremental Build of configuration Debug for project 4LED_SWITCHP_Q3 ****
make -j4 all 
arm-none-eabi-size  4LED_SWITCHP_Q3.elf 
   text	   data	    bss	    dec	    hex	filename
   1444	      4	   1564	   3012	    bc4	4LED_SWITCHP_Q3.elf
Finished building: default.size.stdout
 
17:33:59 **** Incremental Build of configuration Debug for project 4LED_SWITCHP_Q3 ****
make -j4 all 
arm-none-eabi-size  4LED_SWITCHP_Q3.elf 
   text	   data	    bss	    dec	    hex	filename
   1444	      4	   1564	   3012	    bc4	4LED_SWITCHP_Q3.elf
Finished building: default.size.stdout
 
17:50:06 **** Incremental Build of configuration Debug for project 4LED_SWITCHP_Q3 ****
make -j4 all 
arm-none-eabi-size  4LED_SWITCHP_Q3.elf 
   text	   data	    bss	    dec	    hex	filename
   1444	      4	   1564	   3012	    bc4	4LED_SWITCHP_Q3.elf
Finished building: default.size.stdout
 
17:50:28 **** Incremental Build of configuration Debug for project 4LED_SWITCHP_Q3 ****
make -j4 all 
arm-none-eabi-size  4LED_SWITCHP_Q3.elf 
   text	   data	    bss	    dec	    hex	filename
   1444	      4	   1564	   3012	    bc4	4LED_SWITCHP_Q3.elf
Finished building: default.size.stdout
 
17:52:08 **** Incremental Build of configuration Debug for project 4LED_SWITCHP_Q3 ****
make -j4 all 
arm-none-eabi-gcc "../Src/main.c" -mcpu=cortex-m4 -std=gnu11 -g3 -DDEBUG -DSTM32 -DSTM32F407G_DISC1 -DSTM32F4 -DSTM32F407VGTx -c -I../Inc -O0 -ffunction-sections -fdata-sections -Wall -fstack-usage -fcyclomatic-complexity -MMD -MP -MF"Src/main.d" -MT"Src/main.o" --specs=nano.specs -mfpu=fpv4-sp-d16 -mfloat-abi=soft -mthumb -o "Src/main.o"
arm-none-eabi-gcc -o "4LED_SWITCHP_Q3.elf" @"objects.list"   -mcpu=cortex-m4 -T"/home/vb/Assignments/MCPI-Assignments/4LED_SWITCHP_Q3/STM32F407VGTX_FLASH.ld" --specs=nosys.specs -Wl,-Map="4LED_SWITCHP_Q3.map" -Wl,--gc-sections -static --specs=nano.specs -mfpu=fpv4-sp-d16 -mfloat-abi=soft -mthumb -Wl,--start-group -lc -lm -Wl,--end-group
Finished building target: 4LED_SWITCHP_Q3.elf
 
arm-none-eabi-size  4LED_SWITCHP_Q3.elf 
arm-none-eabi-objdump -h -S 4LED_SWITCHP_Q3.elf  > "4LED_SWITCHP_Q3.list"
   text	   data	    bss	    dec	    hex	filename
   1436	      4	   1564	   3004	    bbc	4LED_SWITCHP_Q3.elf
Finished building: default.size.stdout
 
Finished building: 4LED_SWITCHP_Q3.list
 
17:52:17 **** Incremental Build of configuration Debug for project 4LED_SWITCHP_Q3 ****
make -j4 all 
arm-none-eabi-size  4LED_SWITCHP_Q3.elf 
   text	   data	    bss	    dec	    hex	filename
   1436	      4	   1564	   3004	    bbc	4LED_SWITCHP_Q3.elf
Finished building: default.size.stdout
 
18:51:34 **** Incremental Build of configuration Debug for project 4LED_SWITCHP_Q3 ****
make -j4 all 
arm-none-eabi-gcc "../Src/main.c" -mcpu=cortex-m4 -std=gnu11 -g3 -DDEBUG -DSTM32 -DSTM32F407G_DISC1 -DSTM32F4 -DSTM32F407VGTx -c -I../Inc -O0 -ffunction-sections -fdata-sections -Wall -fstack-usage -fcyclomatic-complexity -MMD -MP -MF"Src/main.d" -MT"Src/main.o" --specs=nano.specs -mfpu=fpv4-sp-d16 -mfloat-abi=soft -mthumb -o "Src/main.o"
arm-none-eabi-gcc -o "4LED_SWITCHP_Q3.elf" @"objects.list"   -mcpu=cortex-m4 -T"/home/vb/Assignments/MCPI-Assignments/4LED_SWITCHP_Q3/STM32F407VGTX_FLASH.ld" --specs=nosys.specs -Wl,-Map="4LED_SWITCHP_Q3.map" -Wl,--gc-sections -static --specs=nano.specs -mfpu=fpv4-sp-d16 -mfloat-abi=soft -mthumb -Wl,--start-group -lc -lm -Wl,--end-group
Finished building target: 4LED_SWITCHP_Q3.elf
 
arm-none-eabi-size  4LED_SWITCHP_Q3.elf 
arm-none-eabi-objdump -h -S 4LED_SWITCHP_Q3.elf  > "4LED_SWITCHP_Q3.list"
   text	   data	    bss	    dec	    hex	filename
   1400	      4	   1564	   2968	    b98	4LED_SWITCHP_Q3.elf
Finished building: default.size.stdout
 
Finished building: 4LED_SWITCHP_Q3.list
 
18:54:08 **** Incremental Build of configuration Debug for project 4LED_SWITCHP_Q3 ****
make -j4 all 
arm-none-eabi-size  4LED_SWITCHP_Q3.elf 
   text	   data	    bss	    dec	    hex	filename
   1400	      4	   1564	   2968	    b98	4LED_SWITCHP_Q3.elf
Finished building: default.size.stdout
 
18:54:18 **** Incremental Build of configuration Debug for project 4LED_SWITCHP_Q3 ****
make -j4 all 
arm-none-eabi-size  4LED_SWITCHP_Q3.elf 
   text	   data	    bss	    dec	    hex	filename
   1400	      4	   1564	   2968	    b98	4LED_SWITCHP_Q3.elf
Finished building: default.size.stdout
 
